../Drivers/STM32WBxx_HAL_Driver/Inc/stm32wbxx_ll_bus.h:539:22:LL_AHB2_GRP1_EnableClock	24	static
../Core/Src/main.c:66:1:__io_putchar	16	static
../Core/Src/main.c:73:9:mlx90632_i2c_read	40	static
../Core/Src/main.c:85:9:mlx90632_i2c_write	40	static
../Core/Src/main.c:98:6:usleep	24	static
../Core/Src/main.c:104:6:msleep	16	static
../Core/Src/main.c:110:9:read_eeprom_32	24	static
../Core/Src/main.c:123:5:main	104	static
../Core/Src/main.c:271:6:SystemClock_Config	112	static
../Core/Src/main.c:317:6:PeriphCommonClock_Config	88	static
../Core/Src/main.c:341:13:MX_I2C1_Init	8	static
../Core/Src/main.c:389:13:MX_USART1_UART_Init	8	static
../Core/Src/main.c:437:13:MX_GPIO_Init	32	static
../Core/Src/main.c:481:6:Error_Handler	4	static,ignoring_inline_asm
